\BOOKMARK [1][-]{Doc-Start}{\376\377\000L\036\335\000i\000\040\000c\036\243\000m\000\040\001\241\000n}{}% 1
\BOOKMARK [1][-]{Doc-Start}{\376\377\000D\000a\000n\000h\000\040\000m\036\345\000c\000\040\000h\000\354\000n\000h\000\040\036\243\000n\000h}{}% 2
\BOOKMARK [1][-]{Doc-Start}{\376\377\000D\000a\000n\000h\000\040\000m\036\345\000c\000\040\000b\036\243\000n\000g\000\040\000b\000i\036\303\000u}{}% 3
\BOOKMARK [1][-]{Doc-Start}{\376\377\000D\000a\000n\000h\000\040\000m\036\345\000c\000\040\000t\036\353\000\040\000v\000i\036\277\000t\000\040\000t\036\257\000t}{}% 4
\BOOKMARK [1][-]{Doc-Start}{\376\377\000T\000\363\000m\000\040\000t\036\257\000t}{}% 5
\BOOKMARK [1][-]{section.1}{\376\377\0001\000\040\000T\036\325\000n\000g\000\040\000q\000u\000a\000n\000\040\001\021\036\301\000\040\000t\000\340\000i}{}% 6
\BOOKMARK [2][-]{subsection.1.1}{\376\377\0001\000.\0001\000\040\001\020\036\267\000t\000\040\000v\036\245\000n\000\040\001\021\036\301}{section.1}% 7
\BOOKMARK [2][-]{subsection.1.2}{\376\377\0001\000.\0002\000\040\000M\036\345\000c\000\040\000t\000i\000\352\000u\000\040\001\021\036\301\000\040\000t\000\340\000i}{section.1}% 8
\BOOKMARK [2][-]{subsection.1.3}{\376\377\0001\000.\0003\000\040\000P\000h\036\241\000m\000\040\000v\000i\000\040\001\021\036\301\000\040\000t\000\340\000i}{section.1}% 9
\BOOKMARK [2][-]{subsection.1.4}{\376\377\0001\000.\0004\000\040\001\020\000\363\000n\000g\000\040\000g\000\363\000p\000\040\000c\000h\000\355\000n\000h}{section.1}% 10
\BOOKMARK [2][-]{subsection.1.5}{\376\377\0001\000.\0005\000\040\000C\036\245\000u\000\040\000t\000r\000\372\000c\000\040\000b\000\341\000o\000\040\000c\000\341\000o}{section.1}% 11
\BOOKMARK [1][-]{section.2}{\376\377\0002\000\040\000C\001\241\000\040\000s\036\337\000\040\000l\000\375\000\040\000t\000h\000u\000y\036\277\000t}{}% 12
\BOOKMARK [2][-]{subsection.2.1}{\376\377\0002\000.\0001\000\040\000B\000\340\000i\000\040\000t\000o\000\341\000n\000\040\000t\000r\000\355\000c\000h\000\040\000x\000u\036\245\000t\000\040\000t\000h\000\364\000n\000g\000\040\000t\000i\000n\000\040\000t\000\340\000i\000\040\000l\000i\036\307\000u}{section.2}% 13
\BOOKMARK [2][-]{subsection.2.2}{\376\377\0002\000.\0002\000\040\000N\000h\036\255\000n\000\040\000d\036\241\000n\000g\000\040\000k\000\375\000\040\000t\036\361\000\040\000q\000u\000a\000n\000g\000\040\000h\036\315\000c}{section.2}% 14
\BOOKMARK [3][-]{subsubsection.2.2.1}{\376\377\0002\000.\0002\000.\0001\000\040\000T\036\325\000n\000g\000\040\000q\000u\000a\000n\000\040\000v\036\301\000\040\000O\000C\000R}{subsection.2.2}% 15
\BOOKMARK [3][-]{subsubsection.2.2.2}{\376\377\0002\000.\0002\000.\0002\000\040\000P\000a\000d\000d\000l\000e\000O\000C\000R\000\040\040\024\000\040\000P\000h\000\341\000t\000\040\000h\000i\036\307\000n\000\040\000v\001\003\000n\000\040\000b\036\243\000n}{subsection.2.2}% 16
\BOOKMARK [3][-]{subsubsection.2.2.3}{\376\377\0002\000.\0002\000.\0003\000\040\000V\000i\000e\000t\000O\000C\000R\000\040\040\024\000\040\000N\000h\036\255\000n\000\040\000d\036\241\000n\000g\000\040\000v\001\003\000n\000\040\000b\036\243\000n\000\040\000t\000i\036\277\000n\000g\000\040\000V\000i\036\307\000t}{subsection.2.2}% 17
\BOOKMARK [2][-]{subsection.2.3}{\376\377\0002\000.\0003\000\040\000M\000\364\000\040\000h\000\354\000n\000h\000\040\000D\000o\000n\000u\000t}{section.2}% 18
\BOOKMARK [3][-]{subsubsection.2.3.1}{\376\377\0002\000.\0003\000.\0001\000\040\000K\000i\036\277\000n\000\040\000t\000r\000\372\000c\000\040\000t\036\325\000n\000g\000\040\000q\000u\000a\000n}{subsection.2.3}% 19
\BOOKMARK [3][-]{subsubsection.2.3.2}{\376\377\0002\000.\0003\000.\0002\000\040\000V\000i\000s\000i\000o\000n\000\040\000E\000n\000c\000o\000d\000e\000r\000:\000\040\000S\000w\000i\000n\000\040\000T\000r\000a\000n\000s\000f\000o\000r\000m\000e\000r}{subsection.2.3}% 20
\BOOKMARK [3][-]{subsubsection.2.3.3}{\376\377\0002\000.\0003\000.\0003\000\040\000T\000e\000x\000t\000\040\000D\000e\000c\000o\000d\000e\000r\000:\000\040\000m\000B\000A\000R\000T}{subsection.2.3}% 21
\BOOKMARK [3][-]{subsubsection.2.3.4}{\376\377\0002\000.\0003\000.\0004\000\040\001\257\000u\000\040\001\021\000i\036\303\000m\000\040\000v\000\340\000\040\000h\036\241\000n\000\040\000c\000h\036\277}{subsection.2.3}% 22
\BOOKMARK [2][-]{subsection.2.4}{\376\377\0002\000.\0004\000\040\000M\000\364\000\040\000h\000\354\000n\000h\000\040\000L\000a\000y\000o\000u\000t\000X\000L\000M}{section.2}% 23
\BOOKMARK [3][-]{subsubsection.2.4.1}{\376\377\0002\000.\0004\000.\0001\000\040\000K\000i\036\277\000n\000\040\000t\000r\000\372\000c\000\040\000t\036\325\000n\000g\000\040\000q\000u\000a\000n}{subsection.2.4}% 24
\BOOKMARK [3][-]{subsubsection.2.4.2}{\376\377\0002\000.\0004\000.\0002\000\040\000N\000h\000\372\000n\000g\000\040\001\021\000a\000\040\000p\000h\001\260\001\241\000n\000g\000\040\000t\000h\036\351\000c}{subsection.2.4}% 25
\BOOKMARK [3][-]{subsubsection.2.4.3}{\376\377\0002\000.\0004\000.\0003\000\040\000S\000p\000a\000t\000i\000a\000l\000-\000a\000w\000a\000r\000e\000\040\000S\000e\000l\000f\000-\000A\000t\000t\000e\000n\000t\000i\000o\000n}{subsection.2.4}% 26
\BOOKMARK [3][-]{subsubsection.2.4.4}{\376\377\0002\000.\0004\000.\0004\000\040\000T\000o\000k\000e\000n\000\040\000C\000l\000a\000s\000s\000i\000f\000i\000c\000a\000t\000i\000o\000n\000\040\000v\036\333\000i\000\040\000B\000I\000O\000\040\000t\000a\000g\000g\000i\000n\000g}{subsection.2.4}% 27
\BOOKMARK [3][-]{subsubsection.2.4.5}{\376\377\0002\000.\0004\000.\0005\000\040\001\257\000u\000\040\001\021\000i\036\303\000m\000\040\000v\000\340\000\040\000h\036\241\000n\000\040\000c\000h\036\277}{subsection.2.4}% 28
\BOOKMARK [2][-]{subsection.2.5}{\376\377\0002\000.\0005\000\040\000C\000\341\000c\000\040\001\021\036\331\000\040\001\021\000o\000\040\001\021\000\341\000n\000h\000\040\000g\000i\000\341}{section.2}% 29
\BOOKMARK [3][-]{subsubsection.2.5.1}{\376\377\0002\000.\0005\000.\0001\000\040\000E\000x\000a\000c\000t\000\040\000M\000a\000t\000c\000h\000\040\000\050\000E\000M\000\051}{subsection.2.5}% 30
\BOOKMARK [3][-]{subsubsection.2.5.2}{\376\377\0002\000.\0005\000.\0002\000\040\000N\000o\000r\000m\000a\000l\000i\000z\000e\000d\000\040\000E\000d\000i\000t\000\040\000S\000i\000m\000i\000l\000a\000r\000i\000t\000y\000\040\000\050\000N\000E\000S\000\051}{subsection.2.5}% 31
\BOOKMARK [3][-]{subsubsection.2.5.3}{\376\377\0002\000.\0005\000.\0003\000\040\000C\000h\000a\000r\000a\000c\000t\000e\000r\000\040\000E\000r\000r\000o\000r\000\040\000R\000a\000t\000e\000\040\000\050\000C\000E\000R\000\051}{subsection.2.5}% 32
\BOOKMARK [3][-]{subsubsection.2.5.4}{\376\377\0002\000.\0005\000.\0004\000\040\000E\000n\000d\000-\000t\000o\000-\000E\000n\000d\000\040\000L\000a\000t\000e\000n\000c\000y}{subsection.2.5}% 33
\BOOKMARK [2][-]{subsection.2.6}{\376\377\0002\000.\0006\000\040\000C\000\341\000c\000\040\000c\000\364\000n\000g\000\040\000t\000r\000\354\000n\000h\000\040\000l\000i\000\352\000n\000\040\000q\000u\000a\000n}{section.2}% 34
\BOOKMARK [1][-]{section.3}{\376\377\0003\000\040\000T\000h\000u\000\040\000t\000h\036\255\000p\000\040\000v\000\340\000\040\000x\000\342\000y\000\040\000d\036\361\000n\000g\000\040\000t\036\255\000p\000\040\000d\036\357\000\040\000l\000i\036\307\000u}{}% 35
\BOOKMARK [2][-]{subsection.3.1}{\376\377\0003\000.\0001\000\040\000N\000g\000u\036\323\000n\000\040\000d\036\357\000\040\000l\000i\036\307\000u}{section.3}% 36
\BOOKMARK [3][-]{subsubsection.3.1.1}{\376\377\0003\000.\0001\000.\0001\000\040\000M\000C\000-\000O\000C\000R\000\040\0002\0000\0002\0001}{subsection.3.1}% 37
\BOOKMARK [3][-]{subsubsection.3.1.2}{\376\377\0003\000.\0001\000.\0002\000\040\000D\036\357\000\040\000l\000i\036\307\000u\000\040\000t\036\361\000\040\000t\000h\000u\000\040\000t\000h\036\255\000p}{subsection.3.1}% 38
\BOOKMARK [2][-]{subsection.3.2}{\376\377\0003\000.\0002\000\040\000H\001\260\036\333\000n\000g\000\040\000d\036\253\000n\000\040\000g\000\341\000n\000\040\000n\000h\000\343\000n\000\040\000\050\000A\000n\000n\000o\000t\000a\000t\000i\000o\000n\000\040\000G\000u\000i\000d\000e\000l\000i\000n\000e\000\051}{section.3}% 39
\BOOKMARK [2][-]{subsection.3.3}{\376\377\0003\000.\0003\000\040\000S\000c\000h\000e\000m\000a\000\040\000d\036\357\000\040\000l\000i\036\307\000u\000\040\000t\000h\036\321\000n\000g\000\040\000n\000h\036\245\000t\000\040\000\050\000U\000n\000i\000f\000i\000e\000d\000\040\000J\000S\000O\000N\000L\000\051}{section.3}% 40
\BOOKMARK [2][-]{subsection.3.4}{\376\377\0003\000.\0004\000\040\000C\000h\000i\036\277\000n\000\040\000l\001\260\036\343\000c\000\040\000c\000h\000i\000a\000\040\000d\036\357\000\040\000l\000i\036\307\000u\000\040\000\050\000D\000a\000t\000a\000\040\000S\000p\000l\000i\000t\000\051}{section.3}% 41
\BOOKMARK [3][-]{subsubsection.3.4.1}{\376\377\0003\000.\0004\000.\0001\000\040\000M\000a\000i\000n\000\040\000S\000p\000l\000i\000t}{subsection.3.4}% 42
\BOOKMARK [3][-]{subsubsection.3.4.2}{\376\377\0003\000.\0004\000.\0002\000\040\000T\000h\036\321\000n\000g\000\040\000k\000\352\000\040\000t\036\255\000p\000\040\000d\036\357\000\040\000l\000i\036\307\000u}{subsection.3.4}% 43
\BOOKMARK [2][-]{subsection.3.5}{\376\377\0003\000.\0005\000\040\000K\000i\036\303\000m\000\040\000t\000r\000a\000\040\000d\036\357\000\040\000l\000i\036\307\000u\000\040\000\050\000V\000a\000l\000i\000d\000a\000t\000i\000o\000n\000\051}{section.3}% 44
\BOOKMARK [1][-]{section.4}{\376\377\0004\000\040\000T\000i\036\301\000n\000\040\000x\036\355\000\040\000l\000\375\000\040\000d\036\357\000\040\000l\000i\036\307\000u}{}% 45
\BOOKMARK [2][-]{subsection.4.1}{\376\377\0004\000.\0001\000\040\000T\000i\036\301\000n\000\040\000x\036\355\000\040\000l\000\375\000\040\036\243\000n\000h}{section.4}% 46
\BOOKMARK [3][-]{subsubsection.4.1.1}{\376\377\0004\000.\0001\000.\0001\000\040\000R\000e\000s\000i\000z\000e}{subsection.4.1}% 47
\BOOKMARK [3][-]{subsubsection.4.1.2}{\376\377\0004\000.\0001\000.\0002\000\040\000N\000\342\000n\000g\000\040\000c\000a\000o\000\040\000c\000h\036\245\000t\000\040\000l\001\260\036\343\000n\000g\000\040\036\243\000n\000h}{subsection.4.1}% 48
\BOOKMARK [2][-]{subsection.4.2}{\376\377\0004\000.\0002\000\040\000T\001\003\000n\000g\000\040\000c\001\260\036\335\000n\000g\000\040\000d\036\357\000\040\000l\000i\036\307\000u\000\040\000\050\000D\000a\000t\000a\000\040\000A\000u\000g\000m\000e\000n\000t\000a\000t\000i\000o\000n\000\051}{section.4}% 49
\BOOKMARK [2][-]{subsection.4.3}{\376\377\0004\000.\0003\000\040\000C\000h\000u\036\251\000n\000\040\000h\000o\000\341\000\040\000v\001\003\000n\000\040\000b\036\243\000n\000\040\000\050\000T\000e\000x\000t\000\040\000N\000o\000r\000m\000a\000l\000i\000z\000a\000t\000i\000o\000n\000\051}{section.4}% 50
\BOOKMARK [3][-]{subsubsection.4.3.1}{\376\377\0004\000.\0003\000.\0001\000\040\000C\000h\000u\036\251\000n\000\040\000h\000o\000\341\000\040\000c\000h\000u\000n\000g}{subsection.4.3}% 51
\BOOKMARK [3][-]{subsubsection.4.3.2}{\376\377\0004\000.\0003\000.\0002\000\040\000C\000h\000u\036\251\000n\000\040\000h\000o\000\341\000\040\000t\000h\000e\000o\000\040\000t\000r\001\260\036\335\000n\000g}{subsection.4.3}% 52
\BOOKMARK [2][-]{subsection.4.4}{\376\377\0004\000.\0004\000\040\000X\000\342\000y\000\040\000d\036\361\000n\000g\000\040\000O\000C\000R\000\040\000C\000a\000c\000h\000e}{section.4}% 53
\BOOKMARK [2][-]{subsection.4.5}{\376\377\0004\000.\0005\000\040\000T\000h\000\355\000\040\000n\000g\000h\000i\036\307\000m\000\040\000A\000b\000l\000a\000t\000i\000o\000n\000\040\000t\000i\036\301\000n\000\040\000x\036\355\000\040\000l\000\375\000\040\036\243\000n\000h\000\040\000c\000h\000o\000\040\000O\000C\000R}{section.4}% 54
\BOOKMARK [1][-]{section.5}{\376\377\0005\000\040\000P\000h\001\260\001\241\000n\000g\000\040\000p\000h\000\341\000p\000\040\000t\000h\036\361\000c\000\040\000h\000i\036\307\000n}{}% 55
\BOOKMARK [2][-]{subsection.5.1}{\376\377\0005\000.\0001\000\040\000T\036\325\000n\000g\000\040\000q\000u\000a\000n\000\040\000k\000i\036\277\000n\000\040\000t\000r\000\372\000c\000\040\000h\036\307\000\040\000t\000h\036\321\000n\000g}{section.5}% 56
\BOOKMARK [2][-]{subsection.5.2}{\376\377\0005\000.\0002\000\040\000B\000a\000s\000e\000l\000i\000n\000e\000:\000\040\000O\000C\000R\000\040\000+\000\040\000T\000r\000\355\000c\000h\000\040\000x\000u\036\245\000t\000\040\000d\036\361\000a\000\040\000t\000r\000\352\000n\000\040\000l\000u\036\255\000t\000\040\000\050\000R\000u\000l\000e\000-\000b\000a\000s\000e\000d\000\051}{section.5}% 57
\BOOKMARK [3][-]{subsubsection.5.2.1}{\376\377\0005\000.\0002\000.\0001\000\040\000P\000i\000p\000e\000l\000i\000n\000e\000\040\000t\036\325\000n\000g\000\040\000q\000u\000a\000n}{subsection.5.2}% 58
\BOOKMARK [3][-]{subsubsection.5.2.2}{\376\377\0005\000.\0002\000.\0002\000\040\000Q\000u\000y\000\040\000t\036\257\000c\000\040\000t\000r\000\355\000c\000h\000\040\000x\000u\036\245\000t\000\040\000c\036\345\000\040\000t\000h\036\303}{subsection.5.2}% 59
\BOOKMARK [2][-]{subsection.5.3}{\376\377\0005\000.\0003\000\040\000D\000o\000n\000u\000t\000:\000\040\000E\000n\000d\000-\000t\000o\000-\000E\000n\000d\000\040\000O\000C\000R\000-\000f\000r\000e\000e}{section.5}% 60
\BOOKMARK [3][-]{subsubsection.5.3.1}{\376\377\0005\000.\0003\000.\0001\000\040\000C\000h\000u\036\251\000n\000\040\000b\036\313\000\040\000d\036\357\000\040\000l\000i\036\307\000u}{subsection.5.3}% 61
\BOOKMARK [3][-]{subsubsection.5.3.2}{\376\377\0005\000.\0003\000.\0002\000\040\000C\036\245\000u\000\040\000h\000\354\000n\000h\000\040\000h\000u\036\245\000n\000\040\000l\000u\000y\036\307\000n}{subsection.5.3}% 62
\BOOKMARK [3][-]{subsubsection.5.3.3}{\376\377\0005\000.\0003\000.\0003\000\040\000S\000u\000y\000\040\000l\000u\036\255\000n\000\040\000\050\000I\000n\000f\000e\000r\000e\000n\000c\000e\000\051}{subsection.5.3}% 63
\BOOKMARK [2][-]{subsection.5.4}{\376\377\0005\000.\0004\000\040\000V\000i\000e\000t\000O\000C\000R\000\040\000+\000\040\000L\000a\000y\000o\000u\000t\000X\000L\000M\000:\000\040\000O\000C\000R\000-\000b\000a\000s\000e\000d\000\040\000L\000a\000y\000o\000u\000t\000-\000a\000w\000a\000r\000e}{section.5}% 64
\BOOKMARK [3][-]{subsubsection.5.4.1}{\376\377\0005\000.\0004\000.\0001\000\040\000C\000h\000u\036\251\000n\000\040\000b\036\313\000\040\000d\036\357\000\040\000l\000i\036\307\000u}{subsection.5.4}% 65
\BOOKMARK [3][-]{subsubsection.5.4.2}{\376\377\0005\000.\0004\000.\0002\000\040\000C\036\245\000u\000\040\000h\000\354\000n\000h\000\040\000h\000u\036\245\000n\000\040\000l\000u\000y\036\307\000n}{subsection.5.4}% 66
\BOOKMARK [3][-]{subsubsection.5.4.3}{\376\377\0005\000.\0004\000.\0003\000\040\000S\000u\000y\000\040\000l\000u\036\255\000n\000\040\000v\000\340\000\040\000h\036\255\000u\000\040\000x\036\355\000\040\000l\000\375\000\040\000\050\000I\000n\000f\000e\000r\000e\000n\000c\000e\000\040\000\046\000\040\000P\000o\000s\000t\000-\000p\000r\000o\000c\000e\000s\000s\000i\000n\000g\000\051}{subsection.5.4}% 67
\BOOKMARK [2][-]{subsection.5.5}{\376\377\0005\000.\0005\000\040\000H\036\255\000u\000\040\000x\036\355\000\040\000l\000\375\000\040\000c\000h\000u\000n\000g\000\040\000\050\000P\000o\000s\000t\000-\000p\000r\000o\000c\000e\000s\000s\000i\000n\000g\000\051}{section.5}% 68
\BOOKMARK [1][-]{section.6}{\376\377\0006\000\040\000T\000h\036\361\000c\000\040\000n\000g\000h\000i\036\307\000m\000\040\000v\000\340\000\040\000h\000u\036\245\000n\000\040\000l\000u\000y\036\307\000n\000\040\000m\000\364\000\040\000h\000\354\000n\000h}{}% 69
\BOOKMARK [2][-]{subsection.6.1}{\376\377\0006\000.\0001\000\040\000M\000\364\000i\000\040\000t\000r\001\260\036\335\000n\000g\000\040\000t\000h\036\361\000c\000\040\000n\000g\000h\000i\036\307\000m}{section.6}% 70
\BOOKMARK [2][-]{subsection.6.2}{\376\377\0006\000.\0002\000\040\001\020\000i\036\301\000u\000\040\000k\000i\036\307\000n\000\040\000s\000o\000\040\000s\000\341\000n\000h\000\040\000c\000\364\000n\000g\000\040\000b\036\261\000n\000g}{section.6}% 71
\BOOKMARK [2][-]{subsection.6.3}{\376\377\0006\000.\0003\000\040\000Q\000u\000\341\000\040\000t\000r\000\354\000n\000h\000\040\000h\000u\036\245\000n\000\040\000l\000u\000y\036\307\000n\000\040\000D\000o\000n\000u\000t}{section.6}% 72
\BOOKMARK [2][-]{subsection.6.4}{\376\377\0006\000.\0004\000\040\000Q\000u\000\341\000\040\000t\000r\000\354\000n\000h\000\040\000h\000u\036\245\000n\000\040\000l\000u\000y\036\307\000n\000\040\000L\000a\000y\000o\000u\000t\000X\000L\000M}{section.6}% 73
\BOOKMARK [2][-]{subsection.6.5}{\376\377\0006\000.\0005\000\040\000P\000i\000p\000e\000l\000i\000n\000e\000\040\000t\000h\036\361\000c\000\040\000n\000g\000h\000i\036\307\000m\000\040\000t\036\361\000\040\001\021\036\331\000n\000g}{section.6}% 74
\BOOKMARK [1][-]{section.7}{\376\377\0007\000\040\000K\036\277\000t\000\040\000q\000u\036\243\000\040\000t\000h\036\361\000c\000\040\000n\000g\000h\000i\036\307\000m\000\040\000v\000\340\000\040\001\021\000\341\000n\000h\000\040\000g\000i\000\341}{}% 75
\BOOKMARK [2][-]{subsection.7.1}{\376\377\0007\000.\0001\000\040\000B\036\243\000n\000g\000\040\000k\036\277\000t\000\040\000q\000u\036\243\000\040\000c\000h\000\355\000n\000h}{section.7}% 76
\BOOKMARK [3][-]{subsubsection.7.1.1}{\376\377\0007\000.\0001\000.\0001\000\040\000E\000x\000a\000c\000t\000\040\000M\000a\000t\000c\000h\000\040\000\050\000E\000M\000\051}{subsection.7.1}% 77
\BOOKMARK [3][-]{subsubsection.7.1.2}{\376\377\0007\000.\0001\000.\0002\000\040\000N\000o\000r\000m\000a\000l\000i\000z\000e\000d\000\040\000E\000d\000i\000t\000\040\000S\000i\000m\000i\000l\000a\000r\000i\000t\000y\000\040\000\050\000N\000E\000S\000\051}{subsection.7.1}% 78
\BOOKMARK [3][-]{subsubsection.7.1.3}{\376\377\0007\000.\0001\000.\0003\000\040\000C\000h\000a\000r\000a\000c\000t\000e\000r\000\040\000E\000r\000r\000o\000r\000\040\000R\000a\000t\000e\000\040\000\050\000C\000E\000R\000\051}{subsection.7.1}% 79
\BOOKMARK [2][-]{subsection.7.2}{\376\377\0007\000.\0002\000\040\000B\000i\036\303\000u\000\040\001\021\036\323\000\040\000s\000o\000\040\000s\000\341\000n\000h}{section.7}% 80
\BOOKMARK [2][-]{subsection.7.3}{\376\377\0007\000.\0003\000\040\000P\000h\000\342\000n\000\040\000t\000\355\000c\000h\000\040\000k\036\277\000t\000\040\000q\000u\036\243\000\040\000t\000h\000e\000o\000\040\000t\036\353\000n\000g\000\040\000t\000r\001\260\036\335\000n\000g}{section.7}% 81
\BOOKMARK [3][-]{subsubsection.7.3.1}{\376\377\0007\000.\0003\000.\0001\000\040\000T\000r\001\260\036\335\000n\000g\000\040\000s\000t\000o\000r\000e\000\137\000n\000a\000m\000e}{subsection.7.3}% 82
\BOOKMARK [3][-]{subsubsection.7.3.2}{\376\377\0007\000.\0003\000.\0002\000\040\000T\000r\001\260\036\335\000n\000g\000\040\000d\000a\000t\000e}{subsection.7.3}% 83
\BOOKMARK [3][-]{subsubsection.7.3.3}{\376\377\0007\000.\0003\000.\0003\000\040\000T\000r\001\260\036\335\000n\000g\000\040\000t\000o\000t\000a\000l}{subsection.7.3}% 84
\BOOKMARK [3][-]{subsubsection.7.3.4}{\376\377\0007\000.\0003\000.\0004\000\040\000T\000r\001\260\036\335\000n\000g\000\040\000a\000d\000d\000r\000e\000s\000s}{subsection.7.3}% 85
\BOOKMARK [2][-]{subsection.7.4}{\376\377\0007\000.\0004\000\040\000P\000h\000\342\000n\000\040\000t\000\355\000c\000h\000\040\000l\036\327\000i\000\040\000\050\000E\000r\000r\000o\000r\000\040\000A\000n\000a\000l\000y\000s\000i\000s\000\051}{section.7}% 86
\BOOKMARK [3][-]{subsubsection.7.4.1}{\376\377\0007\000.\0004\000.\0001\000\040\000P\000h\000\342\000n\000\040\000l\000o\036\241\000i\000\040\000l\036\327\000i\000\040\000\050\000E\000r\000r\000o\000r\000\040\000T\000a\000x\000o\000n\000o\000m\000y\000\051}{subsection.7.4}% 87
\BOOKMARK [3][-]{subsubsection.7.4.2}{\376\377\0007\000.\0004\000.\0002\000\040\000P\000h\000\342\000n\000\040\000b\036\321\000\040\000l\036\327\000i}{subsection.7.4}% 88
\BOOKMARK [3][-]{subsubsection.7.4.3}{\376\377\0007\000.\0004\000.\0003\000\040\000N\000h\036\255\000n\000\040\000x\000\351\000t}{subsection.7.4}% 89
\BOOKMARK [2][-]{subsection.7.5}{\376\377\0007\000.\0005\000\040\000B\036\243\000n\000g\000\040\000x\036\277\000p\000\040\000h\036\241\000n\000g\000\040\000t\036\325\000n\000g\000\040\000h\036\343\000p}{section.7}% 90
\BOOKMARK [2][-]{subsection.7.6}{\376\377\0007\000.\0006\000\040\000T\000h\000\355\000\040\000n\000g\000h\000i\036\307\000m\000\040\000p\000h\036\345}{section.7}% 91
\BOOKMARK [3][-]{subsubsection.7.6.1}{\376\377\0007\000.\0006\000.\0001\000\040\000A\000b\000l\000a\000t\000i\000o\000n\000\040\000t\000i\036\301\000n\000\040\000x\036\355\000\040\000l\000\375\000\040\000O\000C\000R}{subsection.7.6}% 92
\BOOKMARK [3][-]{subsubsection.7.6.2}{\376\377\0007\000.\0006\000.\0002\000\040\000O\000r\000a\000c\000l\000e\000\040\000O\000C\000R}{subsection.7.6}% 93
\BOOKMARK [2][-]{subsection.7.7}{\376\377\0007\000.\0007\000\040\000D\000e\000m\000o\000\040\036\351\000n\000g\000\040\000d\036\345\000n\000g\000\040\000\050\000G\000r\000a\000d\000i\000o\000\051}{section.7}% 94
\BOOKMARK [1][-]{section.8}{\376\377\0008\000\040\000K\036\277\000t\000\040\000l\000u\036\255\000n\000\040\000v\000\340\000\040\000h\001\260\036\333\000n\000g\000\040\000p\000h\000\341\000t\000\040\000t\000r\000i\036\303\000n}{}% 95
\BOOKMARK [2][-]{subsection.8.1}{\376\377\0008\000.\0001\000\040\000K\036\277\000t\000\040\000l\000u\036\255\000n}{section.8}% 96
\BOOKMARK [2][-]{subsection.8.2}{\376\377\0008\000.\0002\000\040\000H\036\241\000n\000\040\000c\000h\036\277}{section.8}% 97
\BOOKMARK [2][-]{subsection.8.3}{\376\377\0008\000.\0003\000\040\000H\001\260\036\333\000n\000g\000\040\000p\000h\000\341\000t\000\040\000t\000r\000i\036\303\000n}{section.8}% 98
\BOOKMARK [1][-]{Item.49}{\376\377\000T\000\340\000i\000\040\000l\000i\036\307\000u\000\040\000t\000h\000a\000m\000\040\000k\000h\036\243\000o}{}% 99
\BOOKMARK [1][-]{appendix.A}{\376\377\000A\000\040\000M\036\253\000u\000\040\000d\036\357\000\040\000l\000i\036\307\000u\000\040\000J\000S\000O\000N\000L\000\040\000t\000h\036\321\000n\000g\000\040\000n\000h\036\245\000t}{}% 100
\BOOKMARK [1][-]{appendix.B}{\376\377\000B\000\040\000C\036\245\000u\000\040\000t\000r\000\372\000c\000\040\000m\000\343\000\040\000n\000g\000u\036\323\000n}{}% 101
\BOOKMARK [1][-]{appendix.C}{\376\377\000C\000\040\000C\036\245\000u\000\040\000h\000\354\000n\000h\000\040\000h\000u\036\245\000n\000\040\000l\000u\000y\036\307\000n\000\040\001\021\036\247\000y\000\040\001\021\036\347}{}% 102
\BOOKMARK [2][-]{subsection.C.1}{\376\377\000C\000.\0001\000\040\000C\036\245\000u\000\040\000h\000\354\000n\000h\000\040\000D\000o\000n\000u\000t\000\040\000\050\000d\000o\000n\000u\000t\000.\000y\000a\000m\000l\000\051}{appendix.C}% 103
\BOOKMARK [2][-]{subsection.C.2}{\376\377\000C\000.\0002\000\040\000C\036\245\000u\000\040\000h\000\354\000n\000h\000\040\000L\000a\000y\000o\000u\000t\000X\000L\000M\000\040\000\050\000l\000a\000y\000o\000u\000t\000x\000l\000m\000.\000y\000a\000m\000l\000\051}{appendix.C}% 104
\BOOKMARK [2][-]{subsection.C.3}{\376\377\000C\000.\0003\000\040\000C\036\245\000u\000\040\000h\000\354\000n\000h\000\040\000l\000u\036\255\000t\000\040\000h\000e\000u\000r\000i\000s\000t\000i\000c\000\040\000\050\000b\000a\000s\000e\000l\000i\000n\000e\000.\000y\000a\000m\000l\000\051}{appendix.C}% 105
\BOOKMARK [1][-]{appendix.D}{\376\377\000D\000\040\000M\036\253\000u\000\040\000k\036\277\000t\000\040\000q\000u\036\243\000\040\000t\000r\000\355\000c\000h\000\040\000x\000u\036\245\000t}{}% 106
\BOOKMARK [1][-]{appendix.E}{\376\377\000E\000\040\000G\000i\000a\000o\000\040\000d\000i\036\307\000n\000\040\000D\000e\000m\000o\000\040\000G\000r\000a\000d\000i\000o}{}% 107
\BOOKMARK [2][-]{subsection.E.1}{\376\377\000E\000.\0001\000\040\000H\001\260\036\333\000n\000g\000\040\000d\036\253\000n\000\040\000c\000\340\000i\000\040\001\021\036\267\000t\000\040\000v\000\340\000\040\000c\000h\036\241\000y\000\040\000d\000e\000m\000o}{appendix.E}% 108
